<div class="table-responsive">
<table class="table table-striped">
<thead>
<th><tr>Organization</th></tr>
</thead>
<tdata>
<tr><td><a href="test org">/organization/1</a></td></tr>
<tr><td><a href="test org2">/organization/2</a></td></tr>
</tdata>
</table>
</div>
