<div class="table-responsive">
<table class="table table-striped">
<thead>
<th><tr>Col1</th></tr>
<th><tr>Col2</th></tr>
<th><tr>Col3</th></tr>
</thead>
<tdata>
<tr><td>Random1</td><td>Random2</td><td>Random3</td></tr>
<tr><td>Thingy1</td><td>Thingy2</td><td>Thingy3</td></tr>
</tdata>
</table>
</div>
